               .deffile adi_defs__1.asm
               .deffile ddi_defs__1.asm
               .deffile reg_defs__1.asm
               .deffile sce_defs__1.asm

               ; Number of supported tasks
               .define TASK_COUNT      1

               ; Sensor Controller clock frequency in active mode
               .define ACTIVE_MODE_SCE_CLK_FREQ_MHZ    24

               ; Resource-specified definitions, if any
               .define AUXIO_I2C_SCL           14
               .define AUXIO_I2C_SDA           13
               .define I2C_BASE_DELAY          9
               .define I2C_EXT_DELAY           4
               .define I2C_STRETCH_TIMEOUT_US  10000
               .define I2C_WAIT_STRETCH_DELAY  5


               .segment begin "Framework"


               VectorTable:
                                       ; SW 0
0000 ---- 140e                         jsr         PowerUp
0001 ---- 0417                         jmp         TaskCtrlReqVector
                                       ; SW 1
0002 ---- 140e                         jsr         PowerUp
0003 ---- 0438                         jmp         EventManTrigVector
                                       ; PROG 0
0004 ---- 140e                         jsr         PowerUp
0005 ---- 0442                         jmp         AonRtcCh2Vector
                                       ; PROG 1
0006 ---- 140e                         jsr         PowerUp
0007 ---- 045f                         jmp         Event0Vector
                                       ; PROG 2
0008 ---- 140e                         jsr         PowerUp
0009 ---- 0468                         jmp         Event1Vector
                                       ; PROG 3
000a ---- 140e                         jsr         PowerUp
000b ---- 0471                         jmp         Event2Vector
                                       ; SW 2
000c ---- 140e                         jsr         PowerUp
000d ---- 047a                         jmp         TaskAlertAckVector




               PowerUp:
                                       ; Make sure that the last operation mode request has taken effect
000e ---- 8953                         in          R0, [#IOP_SYSIF_OPMODEREQ]
000f ---- 9954 /waitForOpmodeSync:     in          R1, [#IOP_SYSIF_OPMODEACK]
0010 ---- 8d29                         cmp         R0, R1
0011 ---- befd                         bneq        /waitForOpmodeSync

                                       ; Deassert the power-down request
0012 ---- 4553                         iobclr      #IOB_SYSIF_OPMODE_PD, [#IOP_SYSIF_OPMODEREQ]

                                       ; Wait for it to take effect
0013 ---- 2554 /waitForOpmodeAck:      iobtst      #IOB_SYSIF_OPMODE_PD, [#IOP_SYSIF_OPMODEACK]
0014 ---- aefe                         biob1       /waitForOpmodeAck

                                       ; Prevent wake-up events from propagating to the AON domain
0015 ---- 445c                         iobclr      #0, [#IOP_SYSIF_WUGATE]

               FwEmptyFunc:            ; Done
0016 ---- adb7                         rts




               TaskCtrlReqVector:
                                       ; Clear wake-up event
0017 ---- 745b                         iobset      #IOB_SYSIF_WUFLAGS_SW_WU0, [#IOP_SYSIF_WUFLAGSCLR]
0018 ---- 545b                         iobclr      #IOB_SYSIF_WUFLAGS_SW_WU0, [#IOP_SYSIF_WUFLAGSCLR]

                                       ; For each task ...
0019 ---- 7000                         ld          R7, #0
               /loop:
                                           ; Save the task ID
001a ---- 7ca2                             st          R7, [#fwCtrlInt/taskId]

                                           ; Handle initialize request, if any
001b ---- 68ab                             ld          R6, [#fwCtrlExt/bvTaskInitializeReq]
001c ---- 009f                             ld          R0, #pFwTaskInitializeFuncTable
001d ---- 1431                             jsr         /handleReq

                                           ; Handle execute request, if any
001e ---- 68ac                             ld          R6, [#fwCtrlExt/bvTaskExecuteReq]
001f ---- 00a0                             ld          R0, #pFwTaskExecuteFuncTable
0020 ---- 1431                             jsr         /handleReq

                                           ; Handle terminate request, if any
0021 ---- 68ad                             ld          R6, [#fwCtrlExt/bvTaskTerminateReq]
0022 ---- 00a1                             ld          R0, #pFwTaskTerminateFuncTable
0023 ---- 1431                             jsr         /handleReq

                                           ; Move on to the next task
0024 ---- 78a2                             ld          R7, [#fwCtrlInt/taskId]
0025 ---- f801                             add         R7, #1

0026 ---- fa01                         cmp         R7, #TASK_COUNT
0027 ---- bef2                         bneq        /loop

                                       ; Update which tasks are ...
0028 ---- 78a9                         ld          R7, [#fwCtrlExt/bvActiveTasks]
                                       ; ... currently active ...
0029 ---- 68ab                         ld          R6, [#fwCtrlExt/bvTaskInitializeReq]
002a ---- fd0e                         or          R7, R6
                                       ; ... and inactive ...
002b ---- 68ad                         ld          R6, [#fwCtrlExt/bvTaskTerminateReq]
002c ---- ed92                         inv         R6
002d ---- fd06                         and         R7, R6
002e ---- 7ca9                         st          R7, [#fwCtrlExt/bvActiveTasks]

                                       ; We're READY for another request
002f ---- 6440                         iobset      #IOB_EVCTL_SWEV_READY, [#IOP_EVCTL_SWEVSET]

                                       ; Generate an ALERT interrupt (if requested) and return to sleep
0030 ---- 047f                         jmp         PowerDownSequence;

               /handleReq:
                                       ; Restore the task ID, and load the function pointer (here to avoid pipeline hazard)
0031 ---- 78a2                         ld          R7, [#fwCtrlInt/taskId]
0032 ---- 8f1f                         ld          R0, [R7+R0]

                                       ; Skip this request?
0033 ---- ed8f                         lsr         R6, R7
0034 ---- ec01                         tst         R6, #0x0001
0035 ---- be01                         bnz         /noSkip
0036 ---- adb7                             rts
               /noSkip:
                                       ; Make the call by jump, with return (rts) in the "called" function
0037 ---- 8db7                         jmp         R0




               EventManTrigVector:
                                       ; Clear wake-up event
0038 ---- 755b                         iobset      #IOB_SYSIF_WUFLAGS_SW_WU1, [#IOP_SYSIF_WUFLAGSCLR]
0039 ---- 555b                         iobclr      #IOB_SYSIF_WUFLAGS_SW_WU1, [#IOP_SYSIF_WUFLAGSCLR]

                                       ; Reconfigure the programmable wake-up, and trigger it
003a ---- 78a7                         ld          R7, [#fwCtrlInt/progwucfgManTrigReg]
003b ---- 60bf                         ld          R6, #(BV_SYSIF_PROGWUCFG_POL | SYSIF_PROGWUCFG_SRC_NO_EVENT)
003c ---- ef27                         out         R6, [R7]
003d ---- e240                         or          R6, #BV_SYSIF_PROGWUCFG_EN
003e ---- ef27                         out         R6, [R7]

                                       ; Indicate completion
003f ---- 7000                         ld          R7, #0x0000
0040 ---- 7ca7                         st          R7, [#fwCtrlInt/progwucfgManTrigReg]

                                       ; Generate an ALERT interrupt (if requested) and return to sleep
0041 ---- 047f                         jmp         PowerDownSequence;




               AonRtcCh2Vector:
                                       ; Start clearing the RTC event
0042 ---- 6477                         iobset      #0, [#IOP_SYSIF_RTCEVCLR]

                                       ; For each task (R0 is the current task ID) ...
0043 ---- 0000                         ld          R0, #0
               /loop:
                                           ; ... that is active ...
0044 ---- 18a9                             ld          R1, [#fwCtrlExt/bvActiveTasks]
0045 ---- 9d88                             lsr         R1, R0
0046 ---- 9c01                             tst         R1, #0x0001
0047 ---- b60e                             bz          /skip

                                               ; Fetch number of RTC intervals until next execution
0048 ---- 109e                                 ld          R1, #pFwTaskExecuteScheduleTable
0049 ---- af19                                 ld          R2, [R1+R0]

                                               ; If not already 0, decrement and store. If then 0 ...
004a ---- aa00                                 cmp         R2, #0
004b ---- b60a                                 beq         /skip
004c ---- a8ff                                 add         R2, #-1
004d ---- af39                                 st          R2, [R1+R0]
004e ---- be07                                 bnz         /skip

                                                   ; ... execute the task
004f ---- 0ca2                                     st          R0, [#fwCtrlInt/taskId]
0050 8600 88a0                                     add         R0, #pFwTaskExecuteFuncTable
0052 ---- 8f08                                     ld          R0, [R0]
                                                   ; Insert NOP to avoid pipeline hazard
0053 ---- fd47                                     nop
0054 ---- 9db7                                     jsr         R0
0055 ---- 08a2                                     ld          R0, [#fwCtrlInt/taskId]
               /skip:
                                           ; Move on to the next task
0056 ---- 8801                             add         R0, #1

0057 ---- 8a01                         cmp         R0, #TASK_COUNT
0058 ---- beeb                         bneq        /loop

                                       ; Wait for the RTC CH2 event clearing to finish
0059 ---- 254f /waitOnRtcEvClr:        iobtst      #IOB_EVCTL_EVSTAT2L_AON_RTC_CH2, [#IOP_EVCTL_EVSTAT2L]
005a ---- aefe                         biob1       /waitOnRtcEvClr

                                       ; Clear event edge detector
005b ---- 645b                         iobset      #IOB_SYSIF_WUFLAGS_PROG_WU0, [#IOP_SYSIF_WUFLAGSCLR]
005c ---- 445b                         iobclr      #IOB_SYSIF_WUFLAGS_PROG_WU0, [#IOP_SYSIF_WUFLAGSCLR]

                                       ; End clearing the RTC event
005d ---- 4477                         iobclr      #0, [#IOP_SYSIF_RTCEVCLR]

                                       ; Generate an ALERT interrupt (if requested) and return to sleep
005e ---- 047f                         jmp         PowerDownSequence;




               Event0Vector:
                                       ; Disable and clear wake-up event
005f ---- 5656                         iobclr      #IOB_SYSIF_PROGWUCFG_EN,        [#IOP_SYSIF_PROGWU1CFG] ; Disable source
0060 ---- 655b                         iobset      #IOB_SYSIF_WUFLAGS_PROG_WU1,    [#IOP_SYSIF_WUFLAGSCLR] ; Clear edge detector
0061 ---- 455b                         iobclr      #IOB_SYSIF_WUFLAGS_PROG_WU1,    [#IOP_SYSIF_WUFLAGSCLR]

                                       ; Set the task ID and active event index
0062 ---- 0000                         ld          R0, #0
0063 ---- 0ca2                         st          R0, [#fwCtrlInt/taskId]
0064 ---- 0001                         ld          R0, #(1 << 0)
0065 ---- 0ca3                         st          R0, [#fwCtrlInt/bvActiveEvent]

                                       ; Jump to the event task code
0066 ---- 1416                         jsr         FwEmptyFunc

                                       ; Generate an ALERT interrupt (if requested) and return to sleep
0067 ---- 047f                         jmp         PowerDownSequence;




               Event1Vector:
                                       ; Disable and clear wake-up event
0068 ---- 5657                         iobclr      #IOB_SYSIF_PROGWUCFG_EN,        [#IOP_SYSIF_PROGWU2CFG] ; Disable source
0069 ---- 665b                         iobset      #IOB_SYSIF_WUFLAGS_PROG_WU2,    [#IOP_SYSIF_WUFLAGSCLR] ; Clear edge detector
006a ---- 465b                         iobclr      #IOB_SYSIF_WUFLAGS_PROG_WU2,    [#IOP_SYSIF_WUFLAGSCLR]

                                       ; Set the task ID and active event index
006b ---- 0000                         ld          R0, #0
006c ---- 0ca2                         st          R0, [#fwCtrlInt/taskId]
006d ---- 0002                         ld          R0, #(1 << 1)
006e ---- 0ca3                         st          R0, [#fwCtrlInt/bvActiveEvent]

                                       ; Jump to the event task code
006f ---- 1416                         jsr         FwEmptyFunc

                                       ; Generate an ALERT interrupt (if requested) and return to sleep
0070 ---- 047f                         jmp         PowerDownSequence;




               Event2Vector:
                                       ; Disable and clear wake-up event
0071 ---- 5658                         iobclr      #IOB_SYSIF_PROGWUCFG_EN,        [#IOP_SYSIF_PROGWU3CFG] ; Disable source
0072 ---- 675b                         iobset      #IOB_SYSIF_WUFLAGS_PROG_WU3,    [#IOP_SYSIF_WUFLAGSCLR] ; Clear edge detector
0073 ---- 475b                         iobclr      #IOB_SYSIF_WUFLAGS_PROG_WU3,    [#IOP_SYSIF_WUFLAGSCLR]

                                       ; Set the task ID and active event index
0074 ---- 0000                         ld          R0, #0
0075 ---- 0ca2                         st          R0, [#fwCtrlInt/taskId]
0076 ---- 0004                         ld          R0, #(1 << 2)
0077 ---- 0ca3                         st          R0, [#fwCtrlInt/bvActiveEvent]

                                       ; Jump to the event task code
0078 ---- 1416                         jsr         FwEmptyFunc

                                       ; Generate an ALERT interrupt (if requested) and return to sleep
0079 ---- 047f                         jmp         PowerDownSequence;




               TaskAlertAckVector:
                                       ; Clear wake-up event
007a ---- 765b                         iobset      #IOB_SYSIF_WUFLAGS_SW_WU2, [#IOP_SYSIF_WUFLAGSCLR]
007b ---- 565b                         iobclr      #IOB_SYSIF_WUFLAGS_SW_WU2, [#IOP_SYSIF_WUFLAGSCLR]

                                       ; Re-enable generation of ALERT interrupts
007c 86ff 03ff                         ld          R0, #0xFFFF
007e ---- 0ca5                         st          R0, [#fwCtrlInt/alertGenMask]

                                       ; Generate an ALERT interrupt (if requested) and return to sleep
                                       ; -> Fall through




               PowerDownSequence:
                                       ; Let wake-up events propagate to the AON domain
007f ---- 645c                         iobset      #0, [#IOP_SYSIF_WUGATE]

                                       ; Do we have any ALERT-generating flags pending?
0080 ---- 78a4                         ld          R7, [#fwCtrlInt/bvTaskIoAlert]

                                       ; Skip if the last I/O ALERT interrupt has not been acknowledged
0081 ---- 68a5                         ld          R6, [#fwCtrlInt/alertGenMask]
0082 ---- ed37                         tst         R6, R7
0083 ---- b605                         bz          /skipAlertGen

                                           ; Transfer I/O flags from internal to external
0084 ---- 0000                             ld          R0, #0
0085 ---- 0ca4                             st          R0, [#fwCtrlInt/bvTaskIoAlert]
0086 ---- 7caa                             st          R7, [#fwCtrlExt/bvTaskIoAlert]

                                           ; Generate the ALERT interrupt, and clear the generation mask
0087 ---- 6540                             iobset      #IOB_EVCTL_SWEV_ALERT, [#IOP_EVCTL_SWEVSET]
0088 ---- 0ca5                             st          R0, [#fwCtrlInt/alertGenMask]
               /skipAlertGen:
                                       ; Set initial power mode for next executed vector
                                       ; -> Only at initialization

                                       ; If there are no unacknowledged ALERTs and no vectors pending ...
0089 ---- 78a5                         ld          R7, [#fwCtrlInt/alertGenMask]
008a ---- 68a6                         ld          R6, [#fwCtrlInt/alertCanPdAuxMask]
008b ---- fd0e                         or          R7, R6
008c ---- f801                         add         R7, #1 ; 0xFFFF -> 0x0000
008d ---- e95a                         in          R6, [#IOP_SYSIF_WUFLAGS]
008e ---- fd0e                         or          R7, R6
008f ---- be01                         bnz         /noPowerDown

                                           ; Assert the power-down request
0090 ---- 6553                             iobset      #IOB_SYSIF_OPMODE_PD, [#IOP_SYSIF_OPMODEREQ]
               /noPowerDown:
                                       ; Sleep until the next event
0091 ---- bdb7 sleepInstr:             sleep




               PwrRequestAndWaitForActiveMode:
                                       ; Update Reference DAC clock divider before entering active mode
0092 ---- 700b                         ld          R7, #((ACTIVE_MODE_SCE_CLK_FREQ_MHZ / 2) - 1)
0093 ---- fb96                         out         R7, [#IOP_ANAIF_DACSMPLCFG0]

                                       ; Deassert the low-power request
0094 ---- 4453                         iobclr      #IOB_SYSIF_OPMODE_LP, [#IOP_SYSIF_OPMODEREQ]

                                       ; Wait for it to take effect
0095 ---- 2454 /waitForOpmodeAck:      iobtst      #IOB_SYSIF_OPMODE_LP, [#IOP_SYSIF_OPMODEACK]
0096 ---- aefe                         biob1       /waitForOpmodeAck

                                       ; Done
0097 ---- adb7                         rts




               PwrRequestAndWaitForLowPowerMode:
                                       ; Assert the low-power request
0098 ---- 6453                         iobset      #IOB_SYSIF_OPMODE_LP, [#IOP_SYSIF_OPMODEREQ]

                                       ; Wait for it to take effect
0099 ---- 2454 /waitForOpmodeAck:      iobtst      #IOB_SYSIF_OPMODE_LP, [#IOP_SYSIF_OPMODEACK]
009a ---- a6fe                         biob0       /waitForOpmodeAck

                                       ; Update Reference DAC clock divider after leaving active mode
009b ---- 7000                         ld          R7, #(1 - 1)
009c ---- fb96                         out         R7, [#IOP_ANAIF_DACSMPLCFG0]

                                       ; Done
009d ---- adb7                         rts




               ; RTC ticks until next execution, one word for each task
               pFwTaskExecuteScheduleTable:
009e ---- 0000                         dw          #0

               ; Task code function pointers for each task code block, one word for each task
               pFwTaskInitializeFuncTable:
009f ---- 00b2                         dw          #i2cTempAndHumiditySensor/initialize
               pFwTaskExecuteFuncTable:
00a0 ---- 00e2                         dw          #i2cTempAndHumiditySensor/execute
               pFwTaskTerminateFuncTable:
00a1 ---- 011e                         dw          #i2cTempAndHumiditySensor/terminate

               ; Run-time logging log requests and masks, one bit for each struct, one word for each task
               pRtlTaskLogReqTable:
               ; (Run-time logging is not used in this project)
               pRtlTaskLogMaskTable:
               ; (Run-time logging is not used in this project)


               ; Internal control data
               fwCtrlInt:
00a2 ---- 0000 /taskId:                dw          #0      ; ID of the currently running task
00a3 ---- 0000 /bvActiveEvent:         dw          #0      ; Bit-vector indicating index of the currently active event trigger
00a4 ---- 0000 /bvTaskIoAlert:         dw          #0x0000 ; LSB = Normal data exchange, MSB = Overflow or underflow
00a5 ---- ffff /alertGenMask:          dw          #0xFFFF ; Can generate an ALERT interrupt now? (0xFFFF = yes, 0x0000 = no)
00a6 ---- 0000 /alertCanPdAuxMask:     dw          #0x0000 ; Can power down AUX domain after ALERT interrupt generation? (0xFFFF = yes, 0x0000 = no)
00a7 ---- 0000 /progwucfgManTrigReg:   dw          #0x0000 ; Address of PROGWUnCFG register to be triggered manually by EventManTriggerVector
00a8 ---- 0000 /rtlStructLockReq:      dw          #0x0000 ; Run-time logging struct lock request (0=idle -> 1=requested -> 2=ready -> access -> 0=idle)

               ; External control data, shared with the driver
               fwCtrlExt:
00a9 ---- 0000 /bvActiveTasks:         dw          #0x0000 ; Indicates which tasks are currently active
00aa ---- 0000 /bvTaskIoAlert:         dw          #0x0000 ; LSB = Normal data exchange, MSB = Overflow or underflow
00ab ---- 0000 /bvTaskInitializeReq:   dw          #0x0000 ; Requests tasks to start
00ac ---- 0000 /bvTaskExecuteReq:      dw          #0x0000 ; Requests tasks to execute once immediately
00ad ---- 0000 /bvTaskTerminateReq:    dw          #0x0000 ; Requests tasks to stop


               .segment end "Framework"


               fwTaskDataStructures:
               .segment begin "Task: I2C Temp and Humidity Sensor"
               i2cTempAndHumiditySensor/cfg:
               i2cTempAndHumiditySensor/input:
               i2cTempAndHumiditySensor/output:
               i2cTempAndHumiditySensor/output/ch0data:
00ae ---- 0000                         dw          #0
               i2cTempAndHumiditySensor/output/ch1data:
00af ---- 0000                         dw          #0
               i2cTempAndHumiditySensor/output/status:
00b0 ---- 0000                         dw          #0
               i2cTempAndHumiditySensor/state:
               i2cTempAndHumiditySensor/state/i2cStatus:
00b1 ---- 0000                         dw          #0
               .segment end "Task: I2C Temp and Humidity Sensor"


               .segment begin "Task: I2C Temp and Humidity Sensor"
               i2cTempAndHumiditySensor/initialize:
               ;? // get device id
               ;? //i2cDeviceReadReg8(HDC_I2C_ADDR, 0x92; output.id);
               ;?
               ;? // disable everthing
               ;? i2cDeviceWriteReg8(I2C_ADDR, CMD | ENABLE, 0x00);
00b2 ---- 5080                         ld          R5, #128
00b3 ---- 4000                         ld          R4, #0
00b4 ---- 68b1                         ld          R6, [#i2cTempAndHumiditySensor/state/i2cStatus]
00b5 ---- 70b9                         ld          R7, #/id0117
00b6 ---- 7d22                         st          R7, [#i2cDeviceCommonReturn]
00b7 ---- 7072                         ld          R7, #(114 | 0)
00b8 ---- 0523                         jmp         I2cDeviceWriteReg8
               /id0117:
00b9 ---- 091f                         ld          R0, [#i2cDeviceCommonBackupR0]
00ba ---- 6cb1                         st          R6, [#i2cTempAndHumiditySensor/state/i2cStatus]
               ;?
               ;? // default APDS9930_ATIME
               ;? i2cDeviceWriteReg8(I2C_ADDR, CMD | ATIME, 0xC0);
00bb ---- 5081                         ld          R5, #129
00bc ---- 40c0                         ld          R4, #192
00bd ---- 68b1                         ld          R6, [#i2cTempAndHumiditySensor/state/i2cStatus]
00be ---- 70c2                         ld          R7, #/id0123
00bf ---- 7d22                         st          R7, [#i2cDeviceCommonReturn]
00c0 ---- 7072                         ld          R7, #(114 | 0)
00c1 ---- 0523                         jmp         I2cDeviceWriteReg8
               /id0123:
00c2 ---- 091f                         ld          R0, [#i2cDeviceCommonBackupR0]
00c3 ---- 6cb1                         st          R6, [#i2cTempAndHumiditySensor/state/i2cStatus]
               ;?
               ;? // default APDS9930_PTIME
               ;? i2cDeviceWriteReg8(I2C_ADDR, CMD | PTIME, 0xFF);
00c4 ---- 5082                         ld          R5, #130
00c5 ---- 40ff                         ld          R4, #255
00c6 ---- 68b1                         ld          R6, [#i2cTempAndHumiditySensor/state/i2cStatus]
00c7 ---- 70cb                         ld          R7, #/id0129
00c8 ---- 7d22                         st          R7, [#i2cDeviceCommonReturn]
00c9 ---- 7072                         ld          R7, #(114 | 0)
00ca ---- 0523                         jmp         I2cDeviceWriteReg8
               /id0129:
00cb ---- 091f                         ld          R0, [#i2cDeviceCommonBackupR0]
00cc ---- 6cb1                         st          R6, [#i2cTempAndHumiditySensor/state/i2cStatus]
               ;?
               ;? // default APDS9930_WTIME
               ;? i2cDeviceWriteReg8(I2C_ADDR, CMD | WTIME, 0xFF);
00cd ---- 5083                         ld          R5, #131
00ce ---- 40ff                         ld          R4, #255
00cf ---- 68b1                         ld          R6, [#i2cTempAndHumiditySensor/state/i2cStatus]
00d0 ---- 70d4                         ld          R7, #/id0135
00d1 ---- 7d22                         st          R7, [#i2cDeviceCommonReturn]
00d2 ---- 7072                         ld          R7, #(114 | 0)
00d3 ---- 0523                         jmp         I2cDeviceWriteReg8
               /id0135:
00d4 ---- 091f                         ld          R0, [#i2cDeviceCommonBackupR0]
00d5 ---- 6cb1                         st          R6, [#i2cTempAndHumiditySensor/state/i2cStatus]
               ;?
               ;? // default APDS9930_PPULSE
               ;? //i2cDeviceWriteReg8(I2C_ADDR, CMD | PPULSE, 0x01);
               ;?
               ;?
               ;? // default APDS9930_CONTROL
               ;? i2cDeviceWriteReg8(I2C_ADDR, CMD | CONTROL, 0x00);
00d6 ---- 508f                         ld          R5, #143
00d7 ---- 4000                         ld          R4, #0
00d8 ---- 68b1                         ld          R6, [#i2cTempAndHumiditySensor/state/i2cStatus]
00d9 ---- 70dd                         ld          R7, #/id0141
00da ---- 7d22                         st          R7, [#i2cDeviceCommonReturn]
00db ---- 7072                         ld          R7, #(114 | 0)
00dc ---- 0523                         jmp         I2cDeviceWriteReg8
               /id0141:
00dd ---- 091f                         ld          R0, [#i2cDeviceCommonBackupR0]
00de ---- 6cb1                         st          R6, [#i2cTempAndHumiditySensor/state/i2cStatus]
               ;?
               ;? fwScheduleTask(1);
00df ---- 0001                         ld          R0, #1
00e0 ---- 0c9e                         st          R0, [#(pFwTaskExecuteScheduleTable + 0)]
               i2cTempAndHumiditySensor/initializeDone:
00e1 ---- adb7                         rts




               i2cTempAndHumiditySensor/execute:
               ;? U16 status;
               ;?
               ;? //gpioSetOutput(AUXIO_O_LED);
               ;?
               ;? // enable device
               ;? // sleep after interrupt
               ;? // ALS enable
               ;? // Power ON
               ;? i2cDeviceWriteReg8(I2C_ADDR, CMD | ENABLE, 0x43);
00e2 ---- 5080                         ld          R5, #128
00e3 ---- 4043                         ld          R4, #67
00e4 ---- 68b1                         ld          R6, [#i2cTempAndHumiditySensor/state/i2cStatus]
00e5 ---- 70e9                         ld          R7, #/id0149
00e6 ---- 7d22                         st          R7, [#i2cDeviceCommonReturn]
00e7 ---- 7072                         ld          R7, #(114 | 0)
00e8 ---- 0523                         jmp         I2cDeviceWriteReg8
               /id0149:
00e9 ---- 091f                         ld          R0, [#i2cDeviceCommonBackupR0]
00ea ---- 6cb1                         st          R6, [#i2cTempAndHumiditySensor/state/i2cStatus]
               ;?
               ;? fwDelayUs(15000);
00eb 863a 0298                         ld          R0, #15000
00ed ---- 8801                         add         R0, #1
00ee ---- 8b49                         out         R0, [#IOP_EVCTL_PROGDLY]
00ef ---- 8db1                         wev1        #WEVSEL_PROG_DLY
               ;?
               ;? i2cDeviceReadReg8(I2C_ADDR, CMD | STATUS; output.status);
00f0 ---- 5093                         ld          R5, #147
00f1 ---- 68b1                         ld          R6, [#i2cTempAndHumiditySensor/state/i2cStatus]
00f2 ---- 70f6                         ld          R7, #/id0156
00f3 ---- 7d22                         st          R7, [#i2cDeviceCommonReturn]
00f4 ---- 7072                         ld          R7, #(114 | 0)
00f5 ---- 0575                         jmp         I2cDeviceReadReg8
               /id0156:
00f6 ---- 091f                         ld          R0, [#i2cDeviceCommonBackupR0]
00f7 ---- 6cb1                         st          R6, [#i2cTempAndHumiditySensor/state/i2cStatus]
00f8 ---- 7cb0                         st          R7, [#i2cTempAndHumiditySensor/output/status]
               ;? status = output.status & 0x01;
00f9 ---- 08b0                         ld          R0, [#i2cTempAndHumiditySensor/output/status]
00fa ---- 8001                         and         R0, #1
               ;?
               ;? if (status == 0x01) {
00fb ---- 8a01                         cmp         R0, #1
00fc ---- be1b                         bneq        /id0163
               ;?
               ;?     i2cDeviceReadReg16LsbFirst(I2C_ADDR, (CMD | AUTO_INC) | CH0DATA; output.ch0data);
00fd ---- 50b4                             ld          R5, #180
00fe ---- 68b1                             ld          R6, [#i2cTempAndHumiditySensor/state/i2cStatus]
00ff ---- 7103                             ld          R7, #/id0165
0100 ---- 7d22                             st          R7, [#i2cDeviceCommonReturn]
0101 ---- 7072                             ld          R7, #(114 | 0)
0102 ---- 05a6                             jmp         I2cDeviceReadReg16LsbFirst
               /id0165:
0103 ---- 091f                             ld          R0, [#i2cDeviceCommonBackupR0]
0104 ---- 6cb1                             st          R6, [#i2cTempAndHumiditySensor/state/i2cStatus]
0105 ---- 7cae                             st          R7, [#i2cTempAndHumiditySensor/output/ch0data]
               ;?     i2cDeviceReadReg16LsbFirst(I2C_ADDR, (CMD | AUTO_INC) | CH1DATA; output.ch1data);
0106 ---- 50b6                             ld          R5, #182
0107 ---- 68b1                             ld          R6, [#i2cTempAndHumiditySensor/state/i2cStatus]
0108 ---- 710c                             ld          R7, #/id0171
0109 ---- 7d22                             st          R7, [#i2cDeviceCommonReturn]
010a ---- 7072                             ld          R7, #(114 | 0)
010b ---- 05a6                             jmp         I2cDeviceReadReg16LsbFirst
               /id0171:
010c ---- 091f                             ld          R0, [#i2cDeviceCommonBackupR0]
010d ---- 6cb1                             st          R6, [#i2cTempAndHumiditySensor/state/i2cStatus]
010e ---- 7caf                             st          R7, [#i2cTempAndHumiditySensor/output/ch1data]
               ;?
               ;?     // disable - sleep
               ;?     i2cDeviceWriteReg8(I2C_ADDR, CMD | ENABLE, 0x00);
010f ---- 5080                             ld          R5, #128
0110 ---- 4000                             ld          R4, #0
0111 ---- 68b1                             ld          R6, [#i2cTempAndHumiditySensor/state/i2cStatus]
0112 ---- 7116                             ld          R7, #/id0177
0113 ---- 7d22                             st          R7, [#i2cDeviceCommonReturn]
0114 ---- 7072                             ld          R7, #(114 | 0)
0115 ---- 0523                             jmp         I2cDeviceWriteReg8
               /id0177:
0116 ---- 091f                             ld          R0, [#i2cDeviceCommonBackupR0]
0117 ---- 6cb1                             st          R6, [#i2cTempAndHumiditySensor/state/i2cStatus]
               ;? }
               /id0163:
               ;?
               ;? //gpioClearOutput(AUXIO_O_LED);
               ;?
               ;? fwGenAlertInterrupt();
0118 ---- 08a4                         ld          R0, [#fwCtrlInt/bvTaskIoAlert]
0119 ---- 8201                         or          R0, #(1 << 0)
011a ---- 0ca4                         st          R0, [#fwCtrlInt/bvTaskIoAlert]
               ;? fwScheduleTask(1);
011b ---- 0001                         ld          R0, #1
011c ---- 0c9e                         st          R0, [#(pFwTaskExecuteScheduleTable + 0)]
               i2cTempAndHumiditySensor/executeDone:
011d ---- adb7                         rts




               i2cTempAndHumiditySensor/terminate:
               ;?
               i2cTempAndHumiditySensor/terminateDone:
011e ---- adb7                         rts
               .segment end "Task: I2C Temp and Humidity Sensor"


               .segment begin "Procedure Library"
               ; Register backup
               i2cDeviceCommonBackupR0:
011f ---- 0000                         dw          #0x0000
               i2cDeviceCommonBackupR5:
0120 ---- 0000                         dw          #0x0000
               i2cDeviceCommonBackupR7:
0121 ---- 0000                         dw          #0x0000

               ; Return address i2cDeviceXyz() procedures
               i2cDeviceCommonReturn:
0122 ---- 0000                         dw          #0x0000




               ; PARAMETERS:
               ;     R7 = I2C address
               ;     R6 = Status flags
               ;     R5 = Register address
               ;     R4 = Register value
               ;
               ; RETURN VALUES:
               ;     R6 = Updated status flags
               ;
               ; CLOBBERS:
               ;     R5, R7
               ;     R0 must be restored from i2cDeviceCommonBackupR0 after return
               I2cDeviceWriteReg8:
                                       ; Backup R0 (return) and R5 (register address)
0123 ---- 0d1f                         st          R0, [#i2cDeviceCommonBackupR0]
0124 ---- 5d20                         st          R5, [#i2cDeviceCommonBackupR5]

                                       ; Start condition
0125 ---- 1534                         jsr         I2cStart

                                       ; Transmit the I2C address
0126 ---- 1544                         jsr         I2cTxByte

                                       ; Transmit the register address
0127 ---- 7920                         ld          R7, [#i2cDeviceCommonBackupR5]
0128 ---- 1544                         jsr         I2cTxByte

                                       ; Transmit the register value
0129 ---- fd44                         ld          R7, R4
012a ---- 1544                         jsr         I2cTxByte

                                       ; Load the return address here to avoid pipeline hazard with "jmp R0"
012b ---- 0922                         ld          R0, [#i2cDeviceCommonReturn]

                                       ; Stop condition
012c ---- 1539                         jsr         I2cStop

                                       ; Done
012d ---- 8db7                         jmp         R0




               ; CLOBBERS:
               ;     R5
               I2cRepeatedStart:
                                       ; Wait T_LOW (SDA is already pull-up)
012e ---- 53f4                         ld          R5, #-((I2C_BASE_DELAY + I2C_EXT_DELAY) - (1))
012f ---- 1562                         jsr         I2cWaitDelay

                                       ; SCL = pull-up
0130 ---- 76bb                         iobset      #(AUXIO_I2C_SCL & 0x7), [#(IOP_AIODIO0_GPIODOUT + (AUXIO_I2C_SCL >> 3))]

                                       ; Wait for SCL stretching to end or time out
0131 ---- 1565                         jsr         I2cWaitSclStretch

                                       ; Wait T_SU_STA
0132 ---- 53f4                         ld          R5, #-((I2C_BASE_DELAY + I2C_EXT_DELAY) - (1))
0133 ---- 1562                         jsr         I2cWaitDelay
               I2cStart:
                                       ; SDA = driven low
0134 ---- 55bb                         iobclr      #(AUXIO_I2C_SDA & 0x7), [#(IOP_AIODIO0_GPIODOUT + (AUXIO_I2C_SDA >> 3))]

                                       ; Wait T_HD_STA
0135 ---- 53f8                         ld          R5, #-((I2C_BASE_DELAY) - (1))
0136 ---- 1562                         jsr         I2cWaitDelay

                                       ; SCL = driven low
0137 ---- 56bb                         iobclr      #(AUXIO_I2C_SCL & 0x7), [#(IOP_AIODIO0_GPIODOUT + (AUXIO_I2C_SCL >> 3))]

                                       ; Done
0138 ---- adb7                         rts




               ; CLOBBERS:
               ;     R5
               I2cStop:
                                       ; SDA = driven low
0139 ---- 55bb                         iobclr      #(AUXIO_I2C_SDA & 0x7), [#(IOP_AIODIO0_GPIODOUT + (AUXIO_I2C_SDA >> 3))]

                                       ; Wait T_LOW
013a ---- 53f4                         ld          R5, #-((I2C_BASE_DELAY + I2C_EXT_DELAY) - (1))
013b ---- 1562                         jsr         I2cWaitDelay

                                       ; SCL = pull-up
013c ---- 76bb                         iobset      #(AUXIO_I2C_SCL & 0x7), [#(IOP_AIODIO0_GPIODOUT + (AUXIO_I2C_SCL >> 3))]

                                       ; Wait for SCL stretching to end or time out
013d ---- 1565                         jsr         I2cWaitSclStretch

                                       ; Wait T_SU_STO
013e ---- 53fd                         ld          R5, #-((I2C_BASE_DELAY) - (I2C_WAIT_STRETCH_DELAY + 1))
013f ---- 1562                         jsr         I2cWaitDelay

                                       ; SDA = pull-up
0140 ---- 75bb                         iobset      #(AUXIO_I2C_SDA & 0x7), [#(IOP_AIODIO0_GPIODOUT + (AUXIO_I2C_SDA >> 3))]

                                       ; Wait T_BUF
0141 ---- 53f5                         ld          R5, #-((I2C_BASE_DELAY + I2C_EXT_DELAY) - (2))
0142 ---- 1562                         jsr         I2cWaitDelay

                                       ; Done
0143 ---- adb7                         rts




               ; PARAMETERS:
               ;     R7 = TX byte shift register
               ;     R6 = Status flags
               ;
               ; RETURN VALUES:
               ;     R7 = Updated TX byte shift register
               ;     R6 = Updated status flags
               ;
               ; CLOBBERS:
               ;     R5
               I2cTxByte:
                                       ; Bail out if an error has occurred
0144 ---- ea00                         cmp         R6, #0
0145 ---- be1b                         bnz         /done


                                       ; Transmit each bit in the data byte ...
0146 ---- b50e                         loop        #8, /byteLoopEnd

                                           ; Output the bit to SDA
0147 ---- fda1                             lsl         R7, #1
0148 8601 fc00                             tst         R7, #0x0100
014a ---- b602                             bz          /dataSdaLow
014b ---- 75bb /dataSdaHigh:                   iobset      #(AUXIO_I2C_SDA & 0x7), [#(IOP_AIODIO0_GPIODOUT + (AUXIO_I2C_SDA >> 3))]
014c ---- 8e02                             bra         /dataSdaDone
014d ---- 55bb /dataSdaLow:                    iobclr      #(AUXIO_I2C_SDA & 0x7), [#(IOP_AIODIO0_GPIODOUT + (AUXIO_I2C_SDA >> 3))]
014e ---- fd47                             nop
               /dataSdaDone:
                                           ; Wait T_LOW
014f ---- 53fa                             ld          R5, #-((I2C_BASE_DELAY + I2C_EXT_DELAY) - (7))
0150 ---- 1562                             jsr         I2cWaitDelay

                                           ; SCL = pull-up
0151 ---- 76bb                             iobset      #(AUXIO_I2C_SCL & 0x7), [#(IOP_AIODIO0_GPIODOUT + (AUXIO_I2C_SCL >> 3))]

                                           ; Wait for SCL stretching to end or time out
0152 ---- 1565                             jsr         I2cWaitSclStretch

                                           ; Wait T_HIGH
0153 ---- 53fd                             ld          R5, #-(I2C_BASE_DELAY - (I2C_WAIT_STRETCH_DELAY + 1))
0154 ---- 1562                             jsr         I2cWaitDelay

                                           ; SCL = driven low
0155 ---- 56bb                             iobclr      #(AUXIO_I2C_SCL & 0x7), [#(IOP_AIODIO0_GPIODOUT + (AUXIO_I2C_SCL >> 3))]
               /byteLoopEnd:

                                       ; Receive the ACK bit
                                       ; SDA = pull-up
0156 ---- 75bb                         iobset      #(AUXIO_I2C_SDA & 0x7), [#(IOP_AIODIO0_GPIODOUT + (AUXIO_I2C_SDA >> 3))]

                                       ; Wait T_LOW
0157 ---- 53f4                         ld          R5, #-((I2C_BASE_DELAY + I2C_EXT_DELAY) - (1))
0158 ---- 1562                         jsr         I2cWaitDelay

                                       ; SCL = pull-up
0159 ---- 76bb                         iobset      #(AUXIO_I2C_SCL & 0x7), [#(IOP_AIODIO0_GPIODOUT + (AUXIO_I2C_SCL >> 3))]

                                       ; Wait for SCL stretching to end or time out
015a ---- 1565                         jsr         I2cWaitSclStretch

                                       ; Wait T_HIGH
015b ---- 53fa                         ld          R5, #-((I2C_BASE_DELAY) - (3))
015c ---- 1562                         jsr         I2cWaitDelay

                                       ; Read and store the SDA value in the status word
015d ---- 35bf                         iobtst      #(AUXIO_I2C_SDA & 0x7), [#(IOP_AIODIO0_GPIODIN + (AUXIO_I2C_SDA >> 3))]
015e ---- a601                         biob0       /ackSdaLow
015f ---- e201                             or          R6, #0x01
               /ackSdaLow:
                                       ; SCL = driven low
0160 ---- 56bb                         iobclr      #(AUXIO_I2C_SCL & 0x7), [#(IOP_AIODIO0_GPIODOUT + (AUXIO_I2C_SCL >> 3))]


               /done:                  ; Done
0161 ---- adb7                         rts




               ; PARAMETERS
               ;     R5 = Delay excluding the I2cWaitDelay() call, in instruction cycles
               ;
               ; CLOBBERS:
               ;     R5
               I2cWaitDelay:
                                       ; Wait for the specified number of cycles
0162 ---- d802 /waitLoop:                  add         R5, #2
0163 ---- defe                         bneg        /waitLoop

                                       ; Done
0164 ---- adb7                         rts




               ; PARAMETERS:
               ;     R6 = Status flags
               ;
               ; RETURN VALUES:
               ;     R6 = Updated status flags
               ;
               ; CLOBBERS:
               ;     R5
               I2cWaitSclStretch:
                                       ; Load the timeout (up to 20 ms) loop counter = configured number of us
0165 86d8 50f0                         ld          R5, #(-I2C_STRETCH_TIMEOUT_US)
               /waitLoop:
                                           ; If SCL is high, we're done
0167 ---- 36bf                             iobtst      #(AUXIO_I2C_SCL & 0x7), [#(IOP_AIODIO0_GPIODIN + (AUXIO_I2C_SCL >> 3))]
0168 ---- ae0b                             biob1       /done
                                           ; Unroll the loop to 12 instructions = 1 per loop for faster response
0169 ---- 36bf                             iobtst      #(AUXIO_I2C_SCL & 0x7), [#(IOP_AIODIO0_GPIODIN + (AUXIO_I2C_SCL >> 3))]
016a ---- ae09                             biob1       /done
016b ---- 36bf                             iobtst      #(AUXIO_I2C_SCL & 0x7), [#(IOP_AIODIO0_GPIODIN + (AUXIO_I2C_SCL >> 3))]
016c ---- ae07                             biob1       /done
016d ---- 36bf                             iobtst      #(AUXIO_I2C_SCL & 0x7), [#(IOP_AIODIO0_GPIODIN + (AUXIO_I2C_SCL >> 3))]
016e ---- ae05                             biob1       /done
016f ---- 36bf                             iobtst      #(AUXIO_I2C_SCL & 0x7), [#(IOP_AIODIO0_GPIODIN + (AUXIO_I2C_SCL >> 3))]
0170 ---- ae03                             biob1       /done

0171 ---- d801                         add         R5, #1;
0172 ---- bef4                         bnz         /waitLoop

               /timeout:               ; Timeout has occurred, so OR it into the flags and bail out
0173 ---- e202                         or          R6, #0x0002

               /done:                  ; Done
0174 ---- adb7                         rts




               ; PARAMETERS:
               ;     R7 = I2C address
               ;     R6 = Status flags
               ;     R5 = Register address
               ;
               ; RETURN VALUES:
               ;     R7 = Register value
               ;     R6 = Updated status flags
               ;
               ; CLOBBERS:
               ;     R5, R7
               ;     R0 must be restored from i2cDeviceCommonBackupR0 after return
               I2cDeviceReadReg8:
                                       ; Backup R0 (return), R5 (register address) and R7 (I2C address)
0175 ---- 0d1f                         st          R0, [#i2cDeviceCommonBackupR0]
0176 ---- 5d20                         st          R5, [#i2cDeviceCommonBackupR5]
0177 ---- 7d21                         st          R7, [#i2cDeviceCommonBackupR7]

                                       ; Start condition
0178 ---- 1534                         jsr         I2cStart

                                       ; Transmit the I2C address
0179 ---- 1544                         jsr         I2cTxByte

                                       ; Transmit the register address
017a ---- 7920                         ld          R7, [#i2cDeviceCommonBackupR5]
017b ---- 1544                         jsr         I2cTxByte

                                       ; If no error is indicated ...
017c ---- ea00                         cmp         R6, #0x0000
017d ---- be06                         bneq        /skipRx

                                           ; Repeated start condition
017e ---- 152e                             jsr         I2cRepeatedStart

                                           ; Transmit the I2C address + R
017f ---- 7921                             ld          R7, [#i2cDeviceCommonBackupR7]
0180 ---- f201                             or          R7, #0x0001
0181 ---- 1544                             jsr         I2cTxByte

                                           ; Receive the register value (transmit NAK)
0182 ---- 7001                             ld          R7, #0x0001
0183 ---- 1587                             jsr         I2cRxByte
               /skipRx:
                                       ; Load the return address here to avoid pipeline hazard with "jmp R0"
0184 ---- 0922                         ld          R0, [#i2cDeviceCommonReturn]

                                       ; Stop condition
0185 ---- 1539                         jsr         I2cStop

                                       ; Done
0186 ---- 8db7                         jmp         R0




               ; PARAMETERS:
               ;     R7 = Acknowledgment bit value, 0x0000 to transmit ACK, 0x0001 to transmit NAK
               ;     R6 = Status flags
               ;
               ; RETURN VALUES:
               ;     R7 = RX byte shift register
               ;     R6 = Updated status flags
               ;
               ; CLOBBERS:
               ;     R5
               I2cRxByte:
                                       ; Bail out if an error has occurred
0187 ---- ea00                         cmp         R6, #0
0188 ---- be1c                         bnz         /done


                                       ; Receive each bit in the data byte ...
0189 ---- b50b                         loop        #8, /byteLoopEnd

                                           ; SDA = pull-up
018a ---- 75bb                             iobset      #(AUXIO_I2C_SDA & 0x7), [#(IOP_AIODIO0_GPIODOUT + (AUXIO_I2C_SDA >> 3))]

                                           ; Wait T_LOW
018b ---- 53f5                             ld          R5, #-((I2C_BASE_DELAY + I2C_EXT_DELAY) - (2))
018c ---- 1562                             jsr         I2cWaitDelay

                                           ; SCL = pull-up
018d ---- 76bb                             iobset      #(AUXIO_I2C_SCL & 0x7), [#(IOP_AIODIO0_GPIODOUT + (AUXIO_I2C_SCL >> 3))]

                                           ; Wait for SCL stretching to end or time out
018e ---- 1565                             jsr         I2cWaitSclStretch

                                           ; Wait T_HIGH
018f ---- 53ff                             ld          R5, #-((I2C_BASE_DELAY) - (I2C_WAIT_STRETCH_DELAY + 3))
0190 ---- 1562                             jsr         I2cWaitDelay

                                           ; Read and store SDA
0191 ---- fda1                             lsl         R7, #1
0192 ---- 35bf                             iobtst      #(AUXIO_I2C_SDA & 0x7), [#(IOP_AIODIO0_GPIODIN + (AUXIO_I2C_SDA >> 3))]
0193 ---- a601                             biob0       /dataSdaLow
0194 ---- f201                                 or          R7, #0x01
               /dataSdaLow:
                                           ; SCL = driven low
0195 ---- 56bb                             iobclr      #(AUXIO_I2C_SCL & 0x7), [#(IOP_AIODIO0_GPIODOUT + (AUXIO_I2C_SCL >> 3))]
               /byteLoopEnd:

                                       ; Transmit the ACK bit, which is now in bit 8 of the shift register
                                       ; Output the bit to SDA
0196 8601 fc00                         tst         R7, #0x0100
0198 ---- b602                         bz          /ackSdaLow
0199 ---- 75bb /ackSdaHigh:                iobset      #(AUXIO_I2C_SDA & 0x7), [#(IOP_AIODIO0_GPIODOUT + (AUXIO_I2C_SDA >> 3))]
019a ---- 8e02                         bra         /ackSdaDone
019b ---- 55bb /ackSdaLow:                 iobclr      #(AUXIO_I2C_SDA & 0x7), [#(IOP_AIODIO0_GPIODOUT + (AUXIO_I2C_SDA >> 3))]
019c ---- fd47                         nop
               /ackSdaDone:
                                       ; Wait T_LOW
019d ---- 53f9                         ld          R5, #-((I2C_BASE_DELAY + I2C_EXT_DELAY) - (6))
019e ---- 1562                         jsr         I2cWaitDelay

                                       ; SCL = pull-up
019f ---- 76bb                         iobset      #(AUXIO_I2C_SCL & 0x7), [#(IOP_AIODIO0_GPIODOUT + (AUXIO_I2C_SCL >> 3))]

                                       ; Wait for SCL stretching to end or time out
01a0 ---- 1565                         jsr         I2cWaitSclStretch

                                       ; Wait T_HIGH
01a1 ---- 53fd                         ld          R5, #-((I2C_BASE_DELAY) - (I2C_WAIT_STRETCH_DELAY + 1))
01a2 ---- 1562                         jsr         I2cWaitDelay

                                       ; SCL = driven low
01a3 ---- 56bb                         iobclr      #(AUXIO_I2C_SCL & 0x7), [#(IOP_AIODIO0_GPIODOUT + (AUXIO_I2C_SCL >> 3))]

                                       ; Mask the ACK bit in the received data
01a4 ---- f0ff                         and         R7, #0xFF


               /done:                  ; Done
01a5 ---- adb7                         rts




               ; PARAMETERS:
               ;     R7 = I2C address
               ;     R6 = Status flags
               ;     R5 = Register address
               ;
               ; RETURN VALUES:
               ;     R7 = Register value
               ;     R6 = Updated status flags
               ;
               ; CLOBBERS:
               ;     R5, R7
               ;     R0 must be restored from i2cDeviceCommonBackupR0 after return
               I2cDeviceReadReg16LsbFirst:
                                       ; Backup R0 (return), R5 (register address) and R7 (I2C address)
01a6 ---- 0d1f                         st          R0, [#i2cDeviceCommonBackupR0]
01a7 ---- 5d20                         st          R5, [#i2cDeviceCommonBackupR5]
01a8 ---- 7d21                         st          R7, [#i2cDeviceCommonBackupR7]

                                       ; Start condition
01a9 ---- 1534                         jsr         I2cStart

                                       ; Transmit the I2C address
01aa ---- 1544                         jsr         I2cTxByte

                                       ; Transmit the register address
01ab ---- 7920                         ld          R7, [#i2cDeviceCommonBackupR5]
01ac ---- 1544                         jsr         I2cTxByte

                                       ; If no error is indicated ...
01ad ---- ea00                         cmp         R6, #0x0000
01ae ---- be0b                         bneq        /skipRx

                                           ; Repeated start condition
01af ---- 152e                             jsr         I2cRepeatedStart

                                           ; Transmit the I2C address + R
01b0 ---- 7921                             ld          R7, [#i2cDeviceCommonBackupR7]
01b1 ---- f201                             or          R7, #0x0001
01b2 ---- 1544                             jsr         I2cTxByte

                                           ; Receive MSB of the register value (transmit ACK)
01b3 ---- 7000                             ld          R7, #0x0000
01b4 ---- 1587                             jsr         I2cRxByte
01b5 ---- 8d47                             ld          R0, R7

                                           ; Receive the register value (transmit NAK)
01b6 ---- 7001                             ld          R7, #0x0001
01b7 ---- 1587                             jsr         I2cRxByte
01b8 ---- fda0                             lsl         R7, #8
01b9 ---- fd08                             or          R7, R0
               /skipRx:
                                       ; Load the return address here to avoid pipeline hazard with "jmp R0"
01ba ---- 0922                         ld          R0, [#i2cDeviceCommonReturn]

                                       ; Stop condition
01bb ---- 1539                         jsr         I2cStop

                                       ; Done
01bc ---- 8db7                         jmp         R0
               .segment end "Procedure Library"


; Generated by DESKTOP-MMLJVDE at 2021-03-29 21:56:49.653
